0	3600	l.2.1	Hence Clouds of melancholy	page2.html	4
3600	4296	l.2.2	Ile be no longer subiect to your sismes, 	page2.html	4
4296	4672	l.2.3	But thou deare soule, whose nerues and artires 	page2.html	4
4672	5569	l.2.4	In dead resoundings summon vp reuenge, 	page2.html	4
DANGER, WILL ROBINSON! at 6520
DANGER, WILL ROBINSON! at 6662
